Number of platforms                               2
  Platform Name                                   rusticl
  Platform Vendor                                 Mesa/X.org
  Platform Version                                OpenCL 3.0 
  Platform Profile                                FULL_PROFILE
  Platform Extensions                             cl_khr_icd
  Platform Extensions with Version                cl_khr_icd                                                       0x800000 (2.0.0)
  Platform Numeric Version                        0xc00000 (3.0.0)
  Platform Extensions function suffix             MESA
  Platform Host timer resolution                  1ns

  Platform Name                                   Portable Computing Language
  Platform Vendor                                 The pocl project
  Platform Version                                OpenCL 3.0 PoCL 7.1  Linux, RelWithDebInfo, RELOC, LLVM 21.1.8, SLEEF, DISTRO, OpenMP, POCL_DEBUG
  Platform Profile                                FULL_PROFILE
  Platform Extensions                             cl_khr_icd cl_khr_priority_hints cl_khr_throttle_hints cl_khr_create_command_queue cl_pocl_content_size cl_ext_buffer_device_address
  Platform Extensions with Version                cl_khr_icd                                                       0x800000 (2.0.0)
                                                  cl_khr_priority_hints                                            0x400000 (1.0.0)
                                                  cl_khr_throttle_hints                                            0x400000 (1.0.0)
                                                  cl_khr_create_command_queue                                      0x400000 (1.0.0)
                                                  cl_pocl_content_size                                             0x400000 (1.0.0)
                                                  cl_ext_buffer_device_address                                       0x9001 (0.9.1)
  Platform Numeric Version                        0xc00000 (3.0.0)
  Platform Extensions function suffix             POCL
  Platform Host timer resolution                  1ns

  Platform Name                                   rusticl
Number of devices                                 0

  Platform Name                                   Portable Computing Language
Number of devices                                 1
  Device Name                                     cpu-skylake-avx512-11th Gen Intel(R) Core(TM) i7-11850H @ 2.50GHz
  Device Vendor                                   GenuineIntel
  Device Vendor ID                                0x10006
  Device Version                                  OpenCL 3.0 PoCL HSTR: cpu-x86_64-redhat-linux-gnu-skylake-avx512
  Device Numeric Version                          0xc00000 (3.0.0)
  Driver Version                                  7.1
  Device OpenCL C Version                         OpenCL C 1.2 PoCL
  Device OpenCL C all versions                    OpenCL C                                                         0x400000 (1.0.0)
                                                  OpenCL C                                                         0x401000 (1.1.0)
                                                  OpenCL C                                                         0x402000 (1.2.0)
                                                  OpenCL C                                                         0xc00000 (3.0.0)
  Device OpenCL C features                        __opencl_c_3d_image_writes                                       0xc00000 (3.0.0)
                                                  __opencl_c_images                                                0xc00000 (3.0.0)
                                                  __opencl_c_atomic_order_acq_rel                                  0xc00000 (3.0.0)
                                                  __opencl_c_atomic_order_seq_cst                                  0xc00000 (3.0.0)
                                                  __opencl_c_atomic_scope_device                                   0xc00000 (3.0.0)
                                                  __opencl_c_atomic_scope_all_devices                              0xc00000 (3.0.0)
                                                  __opencl_c_generic_address_space                                 0xc00000 (3.0.0)
                                                  __opencl_c_work_group_collective_functions                       0xc00000 (3.0.0)
                                                  __opencl_c_fp64                                                  0xc00000 (3.0.0)
                                                  __opencl_c_ext_fp32_global_atomic_add                            0xc00000 (3.0.0)
                                                  __opencl_c_ext_fp32_local_atomic_add                             0xc00000 (3.0.0)
                                                  __opencl_c_ext_fp32_global_atomic_min_max                        0xc00000 (3.0.0)
                                                  __opencl_c_ext_fp32_local_atomic_min_max                         0xc00000 (3.0.0)
                                                  __opencl_c_ext_fp64_global_atomic_add                            0xc00000 (3.0.0)
                                                  __opencl_c_ext_fp64_local_atomic_add                             0xc00000 (3.0.0)
                                                  __opencl_c_ext_fp64_global_atomic_min_max                        0xc00000 (3.0.0)
                                                  __opencl_c_ext_fp64_local_atomic_min_max                         0xc00000 (3.0.0)
                                                  __opencl_c_int64                                                 0xc00000 (3.0.0)
                                                  __opencl_c_ext_fp32_global_atomic_add                            0xc00000 (3.0.0)
                                                  __opencl_c_ext_fp64_global_atomic_add                            0xc00000 (3.0.0)
                                                  __opencl_c_ext_fp32_local_atomic_add                             0xc00000 (3.0.0)
                                                  __opencl_c_ext_fp64_local_atomic_add                             0xc00000 (3.0.0)
                                                  __opencl_c_ext_fp32_global_atomic_min_max                        0xc00000 (3.0.0)
                                                  __opencl_c_ext_fp64_global_atomic_min_max                        0xc00000 (3.0.0)
                                                  __opencl_c_ext_fp32_local_atomic_min_max                         0xc00000 (3.0.0)
                                                  __opencl_c_ext_fp64_local_atomic_min_max                         0xc00000 (3.0.0)
  Latest conformance test passed                  v2024-08-08-00
  Device Type                                     CPU
  Device Profile                                  FULL_PROFILE
  Device Available                                Yes
  Compiler Available                              Yes
  Linker Available                                Yes
  Max compute units                               16
  Max clock frequency                             4800MHz
  Device Partition                                (core)
    Max number of sub-devices                     0
    Supported partition types                     None
    Supported affinity domains                    (n/a)
  Max work item dimensions                        3
  Max work item sizes                             4096x4096x4096
  Max work group size                             4096
  Preferred work group size multiple (device)     8
  Preferred work group size multiple (kernel)     8
  Max sub-groups per work group                   0
  Preferred / native vector sizes                 
    char                                                16 / 16      
    short                                               16 / 16      
    int                                                 16 / 16      
    long                                                 8 / 8       
    half                                                 0 / 0        (n/a)
    float                                               16 / 16      
    double                                               8 / 8        (cl_khr_fp64)
  Half-precision Floating-point support           (n/a)
  Single-precision Floating-point support         (core)
    Denormals                                     Yes
    Infinity and NANs                             Yes
    Round to nearest                              Yes
    Round to zero                                 Yes
    Round to infinity                             Yes
    IEEE754-2008 fused multiply-add               Yes
    Support is emulated in software               No
    Correctly-rounded divide and sqrt operations  Yes
  Double-precision Floating-point support         (cl_khr_fp64)
    Denormals                                     Yes
    Infinity and NANs                             Yes
    Round to nearest                              Yes
    Round to zero                                 Yes
    Round to infinity                             Yes
    IEEE754-2008 fused multiply-add               Yes
    Support is emulated in software               No
  Address bits                                    64, Little-Endian
  Global memory size                              62810771456 (58.5GiB)
  Error Correction support                        No
  Max memory allocation                           62810771456 (58.5GiB)
  Unified memory for Host and Device              Yes
  Shared Virtual Memory (SVM) capabilities        (core)
    Coarse-grained buffer sharing                 Yes
    Fine-grained buffer sharing                   Yes
    Fine-grained system sharing                   Yes
    Atomics                                       Yes
  Unified Shared Memory (USM)                     (cl_intel_unified_shared_memory)
  Host USM capabilities (Intel)                   USM access, USM atomic access
  Device USM capabilities (Intel)                 USM access, USM atomic access
  Single-Device USM caps (Intel)                  USM access, USM atomic access
  Cross-Device USM caps (Intel)                   (n/a)
  Shared System USM caps (Intel)                  (n/a)
  Minimum alignment for any data type             128 bytes
  Alignment of base address                       1024 bits (128 bytes)
  Preferred alignment for atomics                 
    SVM                                           64 bytes
    Global                                        64 bytes
    Local                                         64 bytes
  Atomic memory capabilities                      relaxed, acquire/release, sequentially-consistent, work-group scope, device scope, all-devices scope
  Atomic fence capabilities                       relaxed, acquire/release, sequentially-consistent, work-item scope, work-group scope, device scope
  Single-precision Floating-point atomic capabilities  
    Global Load/Store                             No
    Global Add                                    Yes
    Global Min/Max                                Yes
    Global Load/Store                             No
    Global Add                                    Yes
    Global Min/Max                                Yes
  Double-precision Floating-point atomic capabilities  
    Global Load/Store                             No
    Global Add                                    Yes
    Global Min/Max                                Yes
    Global Load/Store                             No
    Global Add                                    Yes
    Global Min/Max                                Yes
  Max size for global variable                    0
  Preferred total size of global vars             0
  Global Memory cache type                        Read/Write
  Global Memory cache size                        25165824 (24MiB)
  Global Memory cache line size                   64 bytes
  Image support                                   Yes
    Max number of samplers per kernel             16
    Max size for 1D images from buffer            3925673216 pixels
    Max 1D or 2D image array size                 2048 images
    Base address alignment for 2D image buffers   0 bytes
    Pitch alignment for 2D image buffers          0 pixels
    Max 2D image size                             32768x32768 pixels
    Max 3D image size                             2048x2048x2048 pixels
    Max number of read image args                 128
    Max number of write image args                128
    Max number of read/write image args           0
  Pipe support                                    No
  Max number of pipe args                         0
  Max active pipe reservations                    0
  Max pipe packet size                            0
  Local memory type                               Global
  Local memory size                               1310720 (1.25MiB)
  Max number of constant args                     8
  Max constant buffer size                        1310720 (1.25MiB)
  Generic address space support                   Yes
  Max size of kernel argument                     1024
  Queue properties (on host)                      
    Out-of-order execution                        Yes
    Profiling                                     Yes
  Device enqueue capabilities                     (n/a)
  Queue properties (on device)                    
    Out-of-order execution                        No
    Profiling                                     No
    Preferred size                                0
    Max size                                      0
  Max queues on device                            0
  Max events on device                            0
  Prefer user sync for interop                    Yes
  Profiling timer resolution                      1ns
  Execution capabilities                          
    Run OpenCL kernels                            Yes
    Run native kernels                            Yes
    Non-uniform work-groups                       No
    Work-group collective functions               Yes
    Sub-group independent forward progress        No
    IL version                                    (n/a)
    ILs with version                              (n/a)
  printf() buffer size                            16777216 (16MiB)
  Built-in kernels                                pocl.add.i8;org.khronos.openvx.scale_image.nn.u8;org.khronos.openvx.scale_image.bl.u8;org.khronos.openvx.tensor_convert_depth.wrap.u8.f32;
  Built-in kernels with version                   pocl.add.i8                                                      0x402000 (1.2.0)
                                                  org.khronos.openvx.scale_image.nn.u8                             0x402000 (1.2.0)
                                                  org.khronos.openvx.scale_image.bl.u8                             0x402000 (1.2.0)
                                                  org.khronos.openvx.tensor_convert_depth.wrap.u8.f32              0x402000 (1.2.0)
  Device Extensions                               cl_khr_byte_addressable_store cl_khr_global_int32_base_atomics cl_khr_global_int32_extended_atomics cl_khr_local_int32_base_atomics cl_khr_local_int32_extended_atomics cl_khr_3d_image_writes cl_ext_float_atomics cl_intel_unified_shared_memory cl_ext_buffer_device_address cl_khr_fp64 cl_khr_int64_base_atomics cl_khr_int64_extended_atomics
  Device Extensions with Version                  cl_khr_byte_addressable_store                                    0x400000 (1.0.0)
                                                  cl_khr_global_int32_base_atomics                                 0x400000 (1.0.0)
                                                  cl_khr_global_int32_extended_atomics                             0x400000 (1.0.0)
                                                  cl_khr_local_int32_base_atomics                                  0x400000 (1.0.0)
                                                  cl_khr_local_int32_extended_atomics                              0x400000 (1.0.0)
                                                  cl_khr_3d_image_writes                                           0x400000 (1.0.0)
                                                  cl_ext_float_atomics                                             0x400000 (1.0.0)
                                                  cl_intel_unified_shared_memory                                   0x400000 (1.0.0)
                                                  cl_ext_buffer_device_address                                     0x400002 (1.0.2)
                                                  cl_khr_fp64                                                      0x400000 (1.0.0)
                                                  cl_khr_int64_base_atomics                                        0x400000 (1.0.0)
                                                  cl_khr_int64_extended_atomics                                    0x400000 (1.0.0)


NULL platform behavior
  clGetPlatformInfo(NULL, CL_PLATFORM_NAME, ...)  No platform
  clGetDeviceIDs(NULL, CL_DEVICE_TYPE_ALL, ...)   No platform
  clCreateContext(NULL, ...) [default]            No platform
  clCreateContext(NULL, ...) [other]              Success [POCL]
  clCreateContextFromType(NULL, CL_DEVICE_TYPE_DEFAULT)  No devices found in platform
  clCreateContextFromType(NULL, CL_DEVICE_TYPE_CPU)  No devices found in platform
  clCreateContextFromType(NULL, CL_DEVICE_TYPE_GPU)  No devices found in platform
  clCreateContextFromType(NULL, CL_DEVICE_TYPE_ACCELERATOR)  No devices found in platform
  clCreateContextFromType(NULL, CL_DEVICE_TYPE_CUSTOM)  No devices found in platform
  clCreateContextFromType(NULL, CL_DEVICE_TYPE_ALL)  No devices found in platform

ICD loader properties
  ICD loader Name                                 Khronos OpenCL ICD Loader
  ICD loader Vendor                               Khronos Group
  ICD loader Version                              3.0.7
  ICD loader Profile                              OpenCL 3.0
