=== OpenCL platform info ===
Platform #0: Portable Computing Language
 `-- Device #0: cpu-skylake-avx512-11th Gen Intel(R) Core(TM) i7-11850H @ 2.50GHz

Found 35 test executable(s)

┌── test_svm ─────────────────────────────────────────────
 Initializing random seed to 0.
Requesting Default device based on command line for platform index 0 and device index 0
Compute Device Name = cpu-skylake-avx512-11th Gen Intel(R) Core(TM) i7-11850H @ 2.50GHz, Compute Device Vendor = GenuineIntel, Compute Device Version = OpenCL 3.0 PoCL HSTR: cpu-x86_64-redhat-linux-gnu-skylake-avx512, CL C Version = OpenCL C 1.2 PoCL
Device latest conformance version passed: v2024-08-08-00
Supports single precision denormals: YES
sizeof( void*) = 8  (host)
sizeof( void*) = 8  (device)
svm_allocate_shared_buffer...
Testing clSVMalloc with flags: CL_MEM_READ_WRITE
Testing clSVMalloc with flags: CL_MEM_WRITE_ONLY
Testing clSVMalloc with flags: CL_MEM_READ_ONLY
Testing clSVMalloc with flags: CL_MEM_READ_WRITE | CL_MEM_SVM_FINE_GRAIN_BUFFER
Testing clSVMalloc with flags: CL_MEM_WRITE_ONLY | CL_MEM_SVM_FINE_GRAIN_BUFFER
Testing clSVMalloc with flags: CL_MEM_READ_ONLY | CL_MEM_SVM_FINE_GRAIN_BUFFER
Testing clSVMalloc with flags: CL_MEM_READ_WRITE | CL_MEM_SVM_FINE_GRAIN_BUFFER | CL_MEM_SVM_ATOMICS
Testing clSVMalloc with flags: CL_MEM_WRITE_ONLY | CL_MEM_SVM_FINE_GRAIN_BUFFER | CL_MEM_SVM_ATOMICS
Testing clSVMalloc with flags: CL_MEM_READ_ONLY | CL_MEM_SVM_FINE_GRAIN_BUFFER | CL_MEM_SVM_ATOMICS
Testing clSVMalloc with flags: 0
svm_allocate_shared_buffer passed
svm_allocate_shared_buffer_negative...
Testing clSVMalloc with flags: CL_MEM_READ_WRITE
Testing clSVMalloc with flags: CL_MEM_WRITE_ONLY
Testing clSVMalloc with flags: CL_MEM_READ_ONLY
Testing clSVMalloc with flags: CL_MEM_READ_WRITE | CL_MEM_SVM_FINE_GRAIN_BUFFER
Testing clSVMalloc with flags: CL_MEM_WRITE_ONLY | CL_MEM_SVM_FINE_GRAIN_BUFFER
Testing clSVMalloc with flags: CL_MEM_READ_ONLY | CL_MEM_SVM_FINE_GRAIN_BUFFER
Testing clSVMalloc with flags: CL_MEM_READ_WRITE | CL_MEM_SVM_FINE_GRAIN_BUFFER | CL_MEM_SVM_ATOMICS
Testing clSVMalloc with flags: CL_MEM_WRITE_ONLY | CL_MEM_SVM_FINE_GRAIN_BUFFER | CL_MEM_SVM_ATOMICS
Testing clSVMalloc with flags: CL_MEM_READ_ONLY | CL_MEM_SVM_FINE_GRAIN_BUFFER | CL_MEM_SVM_ATOMICS
Testing clSVMalloc with flags: 0
svm_allocate_shared_buffer_negative passed
svm_byte_granularity...
svm_byte_granularity passed
svm_cross_buffer_pointers_coarse_grain...
SVM: creating linked list on device: 0  and verifying on device: 0 Passed
SVM: creating linked list on device: 0  and verifying on host Passed
SVM: creating linked list on host  and verifying on device: 0 Passed
SVM: creating linked list on host  and verifying on host Passed
svm_cross_buffer_pointers_coarse_grain passed
svm_enqueue_api...
clEnqueueSVMMemcpy case: src_alloc = host, dst_alloc = host
clEnqueueSVMMemcpy case: src_alloc = host, dst_alloc = svm
clEnqueueSVMMemcpy case: src_alloc = svm, dst_alloc = host
clEnqueueSVMMemcpy case: src_alloc = svm, dst_alloc = svm
svm_enqueue_api passed
svm_fine_grain_memory_consistency...
svm_fine_grain_memory_consistency passed
svm_fine_grain_sync_buffers...
svm_fine_grain_sync_buffers passed
svm_migrate...
svm_migrate passed
svm_negative_memcpy_overlap...
svm_negative_memcpy_overlap passed
svm_pointer_passing...
svm_pointer_passing passed
svm_set_kernel_exec_info_svm_ptrs...
svm_set_kernel_exec_info_svm_ptrs passed
svm_shared_address_space_coarse_grain_old_api...
1 warning generated.
SVM: creating linked list on device: 0  and verifying on device: 0 Passed
SVM: creating linked list on device: 0  and verifying on host Passed
SVM: creating linked list on host  and verifying on device: 0 Passed
SVM: creating linked list on host  and verifying on host Passed
svm_shared_address_space_coarse_grain_old_api passed
svm_shared_address_space_coarse_grain_new_api...
SVM: creating linked list on device: 0  and verifying on device: 0 Passed
SVM: creating linked list on device: 0  and verifying on host Passed
SVM: creating linked list on host  and verifying on device: 0 Passed
SVM: creating linked list on host  and verifying on host Passed
svm_shared_address_space_coarse_grain_new_api passed
svm_shared_address_space_fine_grain...
SVM: creating linked list on device: 0  and verifying on device: 0 Passed
SVM: creating linked list on device: 0  and verifying on host Passed
creating linked list on host  and verifying on device: 0 Passed
creating linked list on host  and verifying on host Passed
svm_shared_address_space_fine_grain passed
svm_shared_address_space_fine_grain_buffers...
SVM: creating linked list on device: 0  and verifying on device: 0 Passed
SVM: creating linked list on device: 0  and verifying on host Passed
SVM: creating linked list on host  and verifying on device: 0 Passed
SVM: creating linked list on host  and verifying on host Passed
svm_shared_address_space_fine_grain_buffers passed
svm_shared_sub_buffers...
SVM: creating linked list on device: 0  and verifying on device: 0 Passed
SVM: creating linked list on device: 0  and verifying on host Passed
SVM: creating linked list on host  and verifying on device: 0 Passed
SVM: creating linked list on host  and verifying on host Passed
svm_shared_sub_buffers passed
PASSED sub-test.
PASSED 16 of 16 tests.
└── PASS: test_svm

┌── test_allocations ─────────────────────────────────────────────
 Initializing random seed to 0.
Requesting Default device based on command line for platform index 0 and device index 0
Compute Device Name = cpu-skylake-avx512-11th Gen Intel(R) Core(TM) i7-11850H @ 2.50GHz, Compute Device Vendor = GenuineIntel, Compute Device Version = OpenCL 3.0 PoCL HSTR: cpu-x86_64-redhat-linux-gnu-skylake-avx512, CL C Version = OpenCL C 1.2 PoCL
Device latest conformance version passed: v2024-08-08-00
Supports single precision denormals: YES
sizeof( void*) = 8  (host)
sizeof( void*) = 8  (device)
Device reports CL_DEVICE_MAX_MEM_ALLOC_SIZE=62810771456 bytes (59901MB), CL_DEVICE_GLOBAL_MEM_SIZE=62810771456 bytes (59901MB).
Device shares memory with the host, so backing off the maximum combined allocation size to be 29950.5MB to avoid rampant paging.
buffer...
NOTE: reducing max allocations to 50%.
** Target allocation size (rounded to nearest MB) is: 15702425600 bytes (14975MB).
** Allocating buffer(s) to size 14975MB.
  => Allocation 1
	Attempting to allocate a buffer of size 14975MB.
		Succeeded in allocating 14975MB using 1 memory objects.
	Executing kernel with memory objects.
		Checksum verified (3781753273 == 3781753273).
	PASS: Allocation succeeded.
buffer passed
image2d_read...
NOTE: reducing max allocations to 50%.
** Target allocation size (rounded to nearest MB) is: 8589934592 bytes (8192MB).
** Allocating read-only image(s) to size 8192MB.
  => Allocation 1
	Attempting to allocate a read-only image of size 8192MB.
		Attempting to allocate a 8191.66MB read-only image (23170 x 23170) and fill with blocking writes.
		Succeeded in allocating 8191.66MB using 1 memory objects.
	Executing kernel with memory objects.
		Checksum verified (4157121615 == 4157121615).
	PASS: Allocation succeeded.
image2d_read passed
image2d_write...
NOTE: reducing max allocations to 50%.
** Target allocation size (rounded to nearest MB) is: 8589934592 bytes (8192MB).
** Allocating write-only image(s) to size 8192MB.
  => Allocation 1
	Attempting to allocate a write-only image of size 8192MB.
		Succeeded in allocating 8191.66MB using 1 memory objects.
	Executing kernel with memory objects.
		Image contents verified.
	PASS: Allocation succeeded.
image2d_write passed
buffer_non_blocking...
NOTE: reducing max allocations to 50%.
** Target allocation size (rounded to nearest MB) is: 15702425600 bytes (14975MB).
** Allocating buffer(s) to size 14975MB.
  => Allocation 1
	Attempting to allocate a buffer of size 14975MB.
		Succeeded in allocating 14975MB using 1 memory objects.
	Executing kernel with memory objects.
		Checksum verified (3148106023 == 3148106023).
	PASS: Allocation succeeded.
buffer_non_blocking passed
image2d_read_non_blocking...
NOTE: reducing max allocations to 50%.
** Target allocation size (rounded to nearest MB) is: 8589934592 bytes (8192MB).
** Allocating read-only image(s) to size 8192MB.
  => Allocation 1
	Attempting to allocate a read-only image of size 8192MB.
		Attempting to allocate a 8191.66MB read-only image (23170 x 23170) and fill with non-blocking writes.
		Succeeded in allocating 8191.66MB using 1 memory objects.
	Executing kernel with memory objects.
		Checksum verified (936982821 == 936982821).
	PASS: Allocation succeeded.
image2d_read_non_blocking passed
image2d_write_non_blocking...
NOTE: reducing max allocations to 50%.
** Target allocation size (rounded to nearest MB) is: 8589934592 bytes (8192MB).
** Allocating write-only image(s) to size 8192MB.
  => Allocation 1
	Attempting to allocate a write-only image of size 8192MB.
		Succeeded in allocating 8191.66MB using 1 memory objects.
	Executing kernel with memory objects.
		Image contents verified.
	PASS: Allocation succeeded.
image2d_write_non_blocking passed
PASSED sub-test.
PASSED 6 of 6 tests.
└── PASS: test_allocations

┌── test_api ─────────────────────────────────────────────
 Initializing random seed to 0.
Requesting Default device based on command line for platform index 0 and device index 0
Compute Device Name = cpu-skylake-avx512-11th Gen Intel(R) Core(TM) i7-11850H @ 2.50GHz, Compute Device Vendor = GenuineIntel, Compute Device Version = OpenCL 3.0 PoCL HSTR: cpu-x86_64-redhat-linux-gnu-skylake-avx512, CL C Version = OpenCL C 1.2 PoCL
Device latest conformance version passed: v2024-08-08-00
Supports single precision denormals: YES
sizeof( void*) = 8  (host)
sizeof( void*) = 8  (device)
negative_get_platform_ids...
negative_get_platform_ids passed
negative_get_platform_info...
negative_get_platform_info passed
negative_create_command_queue...
negative_create_command_queue passed
negative_create_command_queue_with_properties...
negative_create_command_queue_with_properties passed
negative_create_command_queue_with_properties_khr...
negative_create_command_queue_with_properties_khr test not supported
negative_set_default_device_command_queue...
negative_set_default_device_command_queue passed
negative_retain_command_queue...
negative_retain_command_queue passed
negative_release_command_queue...
negative_release_command_queue passed
negative_get_command_queue_info...
negative_get_command_queue_info passed
negative_set_command_queue_property...
negative_set_command_queue_property test not supported
negative_create_context...
ERROR: clCreateContext should return CL_INVALID_PROPERTY when: "the value specified for a supported property name is not valid"! (!(ctx == nullptr) from /opencl-cts/test_conformance/api/negative_context.cpp:49)
negative_create_context FAILED
negative_create_context_from_type...
ERROR: clCreateContextFromType should return CL_INVALID_PROPERTY when: "the value specified for a supported property name is not valid"! (!(ctx == nullptr) from /opencl-cts/test_conformance/api/negative_context.cpp:150)
negative_create_context_from_type FAILED
negative_retain_context...
negative_retain_context passed
negative_release_context...
negative_release_context passed
negative_get_context_info...
negative_get_context_info passed
negative_set_context_destructor_callback...
negative_set_context_destructor_callback passed
negative_enqueue_marker_with_wait_list...
negative_enqueue_marker_with_wait_list passed
negative_enqueue_map_image...
cl_ext_immutable_memory_objects is not supported on this device. Skipping test.
negative_enqueue_map_image test not supported
negative_get_device_info...
negative_get_device_info passed
negative_get_device_ids...
ERROR: clGetDeviceIDs should return CL_INVALID_DEVICE_TYPE when: "device_type is not a valid value"! (Got CL_DEVICE_NOT_FOUND, expected CL_INVALID_DEVICE_TYPE from /opencl-cts/test_conformance/api/negative_device.cpp:78)
negative_get_device_ids FAILED
negative_get_device_and_host_timer...
Platform Supports Timers
Skipping CL_INVALID_OPERATION tests
negative_get_device_and_host_timer passed
negative_get_host_timer...
Platform Supports Timers
Skipping CL_INVALID_OPERATION tests
negative_get_host_timer passed
negative_create_sub_devices...
Device does not support creating subdevices... Skipping
negative_create_sub_devices test not supported
negative_retain_device...
negative_retain_device passed
negative_release_device...
negative_release_device passed
consistency_svm...
consistency_svm passed
consistency_memory_model...
consistency_memory_model passed
consistency_device_enqueue...
consistency_device_enqueue passed
consistency_pipes...
consistency_pipes passed
consistency_progvar...
consistency_progvar passed
consistency_non_uniform_work_group...
consistency_non_uniform_work_group passed
consistency_read_write_images...
consistency_read_write_images passed
consistency_2d_image_from_buffer...
consistency_2d_image_from_buffer passed
consistency_depth_images...
consistency_depth_images passed
consistency_device_and_host_timer...
consistency_device_and_host_timer passed
consistency_il_programs...
ERROR: Device does not support IL Programs but clCreateProgramWithIL did not return CL_INVALID_OPERATION! (Got CL_INVALID_VALUE, expected CL_INVALID_OPERATION from /opencl-cts/test_conformance/api/test_api_consistency.cpp:946)
consistency_il_programs FAILED
consistency_missing_compiler...
Can't perform compiler consistency check
consistency_missing_compiler test not supported
consistency_missing_linker...
Can't perform linker consistency check
consistency_missing_linker test not supported
consistency_subgroups...
consistency_subgroups passed
consistency_prog_ctor_dtor...
consistency_prog_ctor_dtor passed
consistency_3d_image_writes...
consistency_3d_image_writes passed
consistency_requirements_fp64...
consistency_requirements_fp64 passed
consistency_requirements_fp16...
consistency_requirements_fp16 passed
bool_type...
bool_type passed
retain_queue_single...
retain_queue_single passed
retain_queue_multiple...
retain_queue_multiple passed
retain_mem_object_single...
retain_mem_object_single passed
retain_mem_object_multiple...
retain_mem_object_multiple passed
retain_mem_object_set_kernel_arg...
retain_mem_object_set_kernel_arg passed
release_kernel_order...
release_kernel_order passed
release_during_execute...
release_during_execute passed
get_platform_info...
Returned CL_PLATFORM_PROFILE FULL_PROFILE.
Returned CL_PLATFORM_VERSION OpenCL 3.0 PoCL 7.1  Linux, RelWithDebInfo, RELOC, LLVM 21.1.8, SLEEF, DISTRO, OpenMP, POCL_DEBUG.
get_platform_info passed
get_sampler_info...
get_sampler_info passed
get_sampler_info_compatibility...
get_sampler_info_compatibility passed
get_command_queue_info...
CL_DEVICE_QUEUE_ON_HOST_PROPERTIES is 3
CL_DEVICE_QUEUE_ON_DEVICE_PROPERTIES is 0
get_command_queue_info passed
get_command_queue_info_compatibility...
CL_DEVICE_QUEUE_ON_HOST_PROPERTIES is 3
CL_DEVICE_QUEUE_ON_DEVICE_PROPERTIES is 0
get_command_queue_info_compatibility passed
get_context_info...
get_context_info passed
get_context_info_mult_devices...
Can't partition device, test not supported
get_context_info_mult_devices test not supported
get_device_info...
	Reported device vendor ID : 0x00010006
	Reported device extensions: cl_khr_byte_addressable_store cl_khr_global_int32_base_atomics cl_khr_global_int32_extended_atomics cl_khr_local_int32_base_atomics cl_khr_local_int32_extended_atomics cl_khr_3d_image_writes cl_ext_float_atomics cl_intel_unified_shared_memory cl_ext_buffer_device_address cl_khr_fp64 cl_khr_int64_base_atomics cl_khr_int64_extended_atomics 
	Reported device preferred vector char width : 16
	Reported device preferred vector short width : 16
	Reported device preferred vector int width : 16
	Reported device preferred vector long width : 8
	Reported device preferred vector float width : 16
	Reported device preferred vector double width : 8
	Reported device base address alignment : 1024 bits
	Reported device min data type alignment : 128 bytes
	Reported device global mem cache type: CL_READ_WRITE_CACHE 
	Reported device global mem cacheline size : 64 bytes
	Reported device global mem cache size : 24576 KB
	Reported device global mem size : 59901 MB
	Reported device local mem type: CL_GLOBAL 
	Reported device error correction support : 0
	Reported device profiling timer resolution : 1 nanoseconds
	Reported device little endian flag : 1
	Reported device available flag : 1
	Reported device compiler available flag : 1
	Reported device profile: FULL_PROFILE 
get_device_info passed
get_device_info_31...
get_device_info_31 skipped (requires at least OpenCL version 3.1, but the device reports OpenCL version 3.0)
get_device_info_comparability...
get_device_info_comparability passed
kernel_required_group_size...
Device reported CL_DEVICE_MAX_WORK_ITEM_DIMENSIONS = 3.
The CL_KERNEL_WORK_GROUP_SIZE for the kernel is 4096.
For global dimension 64 x 14 x 10, kernel will require local dimension 64 x 14 x 2.
kernel_required_group_size may report spurious ERRORS in the conformance log.
kernel_required_group_size passed
load_single_kernel...
load_single_kernel passed
load_two_kernels...
load_two_kernels passed
load_two_kernels_in_one...
load_two_kernels_in_one passed
load_two_kernels_manually...
load_two_kernels_manually passed
get_program_info_kernel_names...
get_program_info_kernel_names passed
enqueue_task...
enqueue_task passed
repeated_setup_cleanup...
repeated_setup_cleanup passed
get_kernel_info...
get_kernel_info passed
execute_kernel_local_sizes...
execute_kernel_local_sizes passed
set_kernel_arg_by_index...
set_kernel_arg_by_index passed
set_kernel_arg_constant...
set_kernel_arg_constant passed
set_kernel_arg_struct_array...
set_kernel_arg_struct_array passed
create_kernels_in_program...
create_kernels_in_program passed
kernel_global_constant...
kernel_global_constant passed
negative_set_immutable_memory_to_writeable_kernel_arg...
cl_ext_immutable_memory_objects is not supported on this device. Skipping test.
negative_set_immutable_memory_to_writeable_kernel_arg test not supported
negative_set_kernel_arg_invalid_image_msaa...
cl_khr_gl_msaa_sharing is not supported on this device. Skipping test.
negative_set_kernel_arg_invalid_image_msaa test not supported
negative_set_kernel_arg_invalid_image...
ERROR: clSetKernelArg is supposed to fail with CL_INVALID_MEM_OBJECT when arg_value does not follow the rules described in spec for a depth memory object or memory array object argument! (Got CL_SUCCESS, expected CL_INVALID_MEM_OBJECT from /opencl-cts/test_conformance/api/test_kernels.cpp:883)
negative_set_kernel_arg_invalid_image FAILED
negative_invalid_arg_queue...
negative_invalid_arg_queue test not supported
negative_invalid_arg_sampler...
ERROR: clSetKernelArg is supposed to fail with CL_INVALID_SAMPLER when argument is declared to be of type sampler_t and the specified arg_value is not a valid sampler object! (Got CL_INVALID_ARG_VALUE, expected CL_INVALID_SAMPLER from /opencl-cts/test_conformance/api/test_kernels.cpp:960)
negative_invalid_arg_sampler FAILED
negative_invalid_arg_sampler_size...
negative_invalid_arg_sampler_size passed
negative_invalid_arg_size...
negative_invalid_arg_size passed
negative_invalid_arg_mem_obj...
negative_invalid_arg_mem_obj passed
negative_invalid_kernel...
negative_invalid_kernel passed
negative_invalid_arg_index...
negative_invalid_arg_index passed
local_arg_size_zero...
local_arg_size_zero passed
negative_set_read_write_image_arg...
ERROR: clSetKernelArg is supposed to fail with CL_INVALID_ARG_VALUE when an image is created with CL_MEM_READ_ONLY is passed to a write_only kernel argument! (Got CL_SUCCESS, expected CL_INVALID_ARG_VALUE from /opencl-cts/test_conformance/api/test_kernels.cpp:1240)
negative_set_read_write_image_arg FAILED
kernel_local_memory_size...
kernel_local_memory_size passed
kernel_private_memory_size...
kernel_private_memory_size passed
min_max_thread_dimensions...
Reported max thread dimensions of 3.
min_max_thread_dimensions passed
min_max_work_items_sizes...
CL_DEVICE_MAX_WORK_ITEM_DIMENSIONS returned 3
Dimension 0 has max work item size 4096
Dimension 1 has max work item size 4096
Dimension 2 has max work item size 4096
min_max_work_items_sizes passed
min_max_work_group_size...
Reported 4096 max device work group size.
min_max_work_group_size passed
min_max_read_image_args...
Reported 128 max read image args.
min_max_read_image_args passed
min_max_write_image_args...
Reported 128 max write image args.
min_max_write_image_args passed
min_max_mem_alloc_size...
Reported max allocation size of 31405385728 bytes (29950.5MB) and global mem size of 31405385728 bytes (29950.5MB).
Trying to create a buffer of size of 31405385728 bytes (29950.5MB).
min_max_mem_alloc_size passed
min_max_image_2d_width...
Max reported width is 32768.
Attempting to create an image of size 32768 x 1 = 0.125MB.
min_max_image_2d_width passed
min_max_image_2d_height...
Max reported height is 32768.
Attempting to create an image of size 1 x 32768 = 0.125MB.
min_max_image_2d_height passed
min_max_image_3d_width...
Max reported width is 2048.
Attempting to create an image of size 2048 x 1 x 2 = 0.015625MB.
min_max_image_3d_width passed
min_max_image_3d_height...
Max reported height is 2048.
Attempting to create an image of size 1 x 2048 x 2 = 0.015625MB.
min_max_image_3d_height passed
min_max_image_3d_depth...
Max reported depth is 2048.
Attempting to create an image of size 1 x 1 x 2048 = 0.0078125MB.
min_max_image_3d_depth passed
min_max_image_array_size...
Max reported image array size is 2048.
Attempting to create an image of size 1 x 1 x 2048 = 0.0078125MB.
min_max_image_array_size passed
min_max_image_buffer_size...
Max reported image buffer size is 3925673216 pixels.
Attempting to create an 1D image with channel order CL_RGBA from buffer of size -369294080 = 14975.3MB.
min_max_image_buffer_size passed
min_max_parameter_size...
Reported max parameter size of 1024 bytes.
Trying a kernel with 127 long arguments (1016 bytes) and one cl_mem (8 bytes) for 1024 bytes total.
Results verified at 1024 bytes of arguments.
min_max_parameter_size passed
min_max_samplers...
Reported max 16 samplers.
min_max_samplers passed
min_max_constant_buffer_size...
Reported max constant buffer size of 655360 bytes.
Reported max alloc size of 31405385728 bytes.
Attempting to allocate constant buffer of size 655360 bytes
Filling constant buffer with 163840 cl_ints (655360 bytes).
min_max_constant_buffer_size passed
min_max_constant_args...
Reported max constant arg count of 8 and max constant buffer size of 655360. Test will attempt to allocate half of that, or 8 buffers of size 40960.
min_max_constant_args passed
min_max_compute_units...
Reported 16 max compute units.
min_max_compute_units passed
min_max_address_bits...
Reported 64 device address bits.
min_max_address_bits passed
min_max_single_fp_config...
min_max_single_fp_config passed
min_max_double_fp_config...
min_max_double_fp_config passed
min_max_local_mem_size...
Reported max local buffer size for device: 1310720 bytes.
Reported local buffer usage for kernel (CL_KERNEL_LOCAL_MEM_SIZE): 0 bytes.
Attempting to use 1310720 bytes of local memory.
Creating local buffer with 327680 cl_ints (1310720 bytes).
min_max_local_mem_size passed
min_max_kernel_preferred_work_group_size_multiple...
size: 4096     preferred: 8      max: 4096
min_max_kernel_preferred_work_group_size_multiple passed
min_max_execution_capabilities...
min_max_execution_capabilities passed
min_max_queue_properties...
min_max_queue_properties passed
min_max_device_version...
Returned version 3.0.
Checking for required extensions for OpenCL 1.1 and later devices...
	cl_khr_global_int32_base_atomics
	cl_khr_global_int32_extended_atomics
	cl_khr_local_int32_base_atomics
	cl_khr_local_int32_extended_atomics
	cl_khr_byte_addressable_store
Checking for required extensions for OpenCL 1.2 and later devices...
	cl_khr_fp64
min_max_device_version passed
min_max_language_version...
Returned version "OpenCL C 1.2 PoCL".
min_max_language_version passed
kernel_arg_changes...
kernel_arg_changes passed
kernel_arg_multi_setup_random...
Testing 108 random configurations
	testing int2, int2, int2...
	testing short2, float2, char2...
	testing float2, float2, int2...
	testing int2, float2, int2...
	testing short2, int2, int4...
	testing float2, char2, int4...
	testing short2, char2, char4...
	testing short2, short2, float4...
	testing int2, float2, short8...
	testing short2, float2, int8...
	testing int2, float2, int8...
	testing int2, float2, int8...
	testing int2, int4, short2...
	testing int2, int4, int2...
	testing short2, int4, float2...
	testing char2, char4, char2...
	testing float2, float4, float4...
	testing float2, float4, short4...
	testing float2, int4, float4...
	testing short2, int4, float4...
	testing int2, char4, int8...
	testing int2, float4, float8...
	testing float2, float4, char8...
	testing float2, short4, int8...
	testing float2, short8, char2...
	testing int2, short8, float2...
	testing int2, float8, int2...
	testing short2, char8, char2...
	testing short2, int8, short4...
	testing char2, float8, float4...
	testing float2, short8, short4...
	testing short2, short8, int4...
	testing float2, short8, float8...
	testing char2, char8, short8...
	testing int2, float8, float8...
	testing char2, char8, short8...
	testing char4, char2, float2...
	testing char4, short2, short2...
	testing int4, char2, int2...
	testing short4, char2, short2...
	testing int4, char2, char4...
	testing short4, char2, float4...
	testing int4, char2, int4...
	testing float4, short2, int4...
	testing float4, float2, short8...
	testing float4, int2, char8...
	testing int4, char2, int8...
	testing short4, float2, float8...
	testing char4, char4, char2...
	testing int4, short4, int2...
	testing int4, short4, float2...
	testing int4, float4, int2...
	testing float4, int4, char4...
	testing short4, char4, int4...
	testing char4, short4, short4...
	testing short4, float4, int4...
	testing float4, short4, int8...
	testing char4, int4, char8...
	testing short4, int4, short8...
	testing char4, short4, short8...
	testing int4, float8, char2...
	testing short4, short8, int2...
	testing int4, short8, float2...
	testing float4, int8, char2...
	testing char4, short8, float4...
	testing char4, int8, short4...
	testing int4, float8, short4...
	testing float4, float8, char4...
	testing float4, float8, int8...
	testing short4, short8, char8...
	testing short4, short8, float8...
	testing short4, short8, short8...
	testing char8, short2, char2...
	testing int8, short2, int2...
	testing float8, float2, char2...
	testing short8, float2, short2...
	testing float8, int2, char4...
	testing short8, float2, char4...
	testing char8, float2, int4...
	testing int8, int2, char4...
	testing int8, float2, char8...
	testing int8, char2, float8...
	testing char8, int2, float8...
	testing char8, float2, char8...
	testing short8, float4, char2...
	testing float8, char4, short2...
	testing float8, char4, float2...
	testing int8, int4, char2...
	testing short8, short4, float4...
	testing short8, int4, short4...
	testing float8, float4, char4...
	testing float8, char4, int4...
	testing short8, short4, char8...
	testing short8, int4, short8...
	testing short8, short4, float8...
	testing char8, short4, float8...
	testing float8, float8, short2...
	testing char8, char8, int2...
	testing float8, float8, float2...
	testing char8, char8, float2...
	testing short8, char8, char4...
	testing float8, short8, float4...
	testing char8, int8, char4...
	testing int8, short8, float4...
	testing short8, float8, char8...
	testing short8, char8, char8...
	testing float8, short8, int8...
	testing short8, short8, short8...
kernel_arg_multi_setup_random passed
kernel_attributes...
kernel_attributes passed
null_required_work_group_size...
ERROR: clEnqueueNDRangeKernel failed! (CL_INVALID_WORK_GROUP_SIZE from /opencl-cts/test_conformance/api/test_kernel_attributes.cpp:459)
null_required_work_group_size FAILED
binary_get...
binary_get passed
binary_create...
binary_create passed
native_kernel...
native_kernel passed
mem_object_destructor_callback...
	Waiting for callback 0...
	Waiting for callback 1...
	Waiting for callback 2...
	Waiting for callback 0...
	Waiting for callback 1...
	Waiting for callback 2...
mem_object_destructor_callback passed
create_context_from_type...
create_context_from_type passed
create_context_from_type_device_type_all...
create_context_from_type_device_type_all passed
create_context_from_type_device_type_default...
create_context_from_type_device_type_default passed
min_data_type_align_size_alignment...
Device reported CL_DEVICE_MEM_BASE_ADDR_ALIGN = 1024 bits.
min_data_type_align_size_alignment passed
platform_extensions...
platform_extensions passed
get_platform_ids...
Found 1 platforms.
Platform 0 (0x7fd5306d6550):
	CL_PLATFORM_PROFILE: FULL_PROFILE
	CL_PLATFORM_VERSION: OpenCL 3.0 PoCL 7.1  Linux, RelWithDebInfo, RELOC, LLVM 21.1.8, SLEEF, DISTRO, OpenMP, POCL_DEBUG
	CL_PLATFORM_NAME: Portable Computing Language
	CL_PLATFORM_VENDOR: The pocl project
	CL_PLATFORM_EXTENSIONS: cl_khr_icd cl_khr_priority_hints cl_khr_throttle_hints cl_khr_create_command_queue cl_pocl_content_size cl_ext_buffer_device_address
	Platform has 1 devices.
		Platform for device 0 (cpu-skylake-avx512-11th Gen Intel(R) Core(TM) i7-11850H @ 2.50GHz) is 0x7fd5306d6550.
			Testing clCreateContext for the platform/device...
get_platform_ids passed
get_kernel_arg_info...
All Data Type Tests Passed
All Image Tests Passed
All Edge Case Tests Passed
get_kernel_arg_info passed
null_buffer_arg...
Testing setKernelArgs with non-NULL buffer.
	non-NULL ok.
Testing setKernelArgs with &NULL buffer.
	&NULL ok.
null_buffer_arg passed
get_buffer_info...
get_buffer_info passed
get_image2d_info...
get_image2d_info passed
get_image3d_info...
get_image3d_info passed
get_image1d_info...
get_image1d_info passed
get_image1d_array_info...
get_image1d_array_info passed
get_image2d_array_info...
get_image2d_array_info passed
min_image_formats...
    testing 1D...
    testing 1D image buffer...
    testing 2D...
    testing 3D...
    testing 1D array...
    testing 2D array...
min_image_formats passed
queue_flush_on_release...
queue_flush_on_release passed
multi_queue_flush_on_release...
multi_queue_flush_on_release passed
queue_hint...
cl_khr_priority_hints is not supported.
cl_khr_throttle_hints is not supported.
queue_hint passed
queue_properties...
extension cl_khr_create_command_queue is not supported.
queue_properties passed
sub_group_dispatch...
sub_group_dispatch test not supported
clone_kernel_with_different_args...
clone_kernel_with_different_args passed
clone_kernel_with_buf_image_kernels...
clone_kernel_with_buf_image_kernels passed
clone_kernel_with_exec_info...
clone_kernel_with_exec_info passed
clone_kernel_with_no_args...
clone_kernel_with_no_args passed
clone_kernel_with_svm_ptrs...
clone_kernel_with_svm_ptrs passed
zero_sized_enqueue...
zero_sized_enqueue passed
context_destructor_callback...
	Waiting for callback 0...
	Waiting for callback 1...
	Waiting for callback 2...
context_destructor_callback passed
image_properties_queries...

TC description: regular image
TC result: passed

TC description: image, 0 properties
TC result: passed

TC description: image, NULL properties
TC result: passed
image_properties_queries passed
buffer_properties_queries...

TC description: regular buffer
TC result: passed

TC description: buffer with 0 properties
TC result: passed

TC description: buffer with NULL properties
TC result: passed

TC description: subbuffer with 0 properties
TC result: passed

TC description: subbuffer with NULL properties
TC result: passed
buffer_properties_queries passed
queue_properties_queries...

TC description: host queue, NULL properties
TC result: passed

TC description: host queue, zero properties
TC result: passed

TC description: host queue, CL_QUEUE_PROFILING_ENABLE
	CL_QUEUE_PROFILING_ENABLE supported
TC result: passed

TC description: host queue, CL_QUEUE_OUT_OF_ORDER_EXEC_MODE_ENABLE
	CL_QUEUE_OUT_OF_ORDER_EXEC_MODE_ENABLE supported
TC result: passed

TC description: host queue, CL_QUEUE_OUT_OF_ORDER_EXEC_MODE_ENABLE | CL_QUEUE_PROFILING_ENABLE
	CL_QUEUE_OUT_OF_ORDER_EXEC_MODE_ENABLE supported
	CL_QUEUE_PROFILING_ENABLE supported
TC result: passed

TC description: device queue, CL_QUEUE_OUT_OF_ORDER_EXEC_MODE_ENABLE | CL_QUEUE_ON_DEVICE
	CL_QUEUE_OUT_OF_ORDER_EXEC_MODE_ENABLE not supported, skipped
TC result: skipped

TC description: device queue, all possible properties
The value of CL_QUEUE_SIZE = 124 cannot be bigger than CL_DEVICE_QUEUE_ON_DEVICE_MAX_SIZE = 0, skipped
TC result: skipped

TC description: device queue, all without CL_QUEUE_ON_DEVICE_DEFAULT
The value of CL_QUEUE_SIZE = 124 cannot be bigger than CL_DEVICE_QUEUE_ON_DEVICE_MAX_SIZE = 0, skipped
TC result: skipped

TC description: device queue, all without CL_QUEUE_SIZE
	CL_QUEUE_OUT_OF_ORDER_EXEC_MODE_ENABLE not supported, skipped
TC result: skipped
queue_properties_queries passed
set_command_queue_property...
set_command_queue_property test not supported
pipe_properties_queries...
pipe_properties_queries test not supported
work_group_suggested_local_size_1D...
Device does not support 'cl_khr_suggested_local_work_size'. Skipping the test.
work_group_suggested_local_size_1D test not supported
work_group_suggested_local_size_2D...
Device does not support 'cl_khr_suggested_local_work_size'. Skipping the test.
work_group_suggested_local_size_2D test not supported
work_group_suggested_local_size_3D...
Device does not support 'cl_khr_suggested_local_work_size'. Skipping the test.
work_group_suggested_local_size_3D test not supported
set_default_device_command_queue...
set_default_device_command_queue test not supported
spirv_query_requirements...
cl_khr_spirv_queries is not supported; skipping test.
spirv_query_requirements test not supported
spirv_query_dependencies...
cl_khr_spirv_queries is not supported; skipping test.
spirv_query_dependencies test not supported
PASSED 2137 of 2137 sub-tests.
FAILED 8 of 143 tests.
└── FAIL: test_api
=== Results ===
  Passed: 2
  Failed: 1
  Failed tests:
    - test_api
